// Jest Snapshot v1, https://goo.gl/fbAQLP

exports[`Should generate types deceleration 1`] = `
"// THIS IS AN AUTOGENERATED FILE. DO NOT EDIT THIS FILE DIRECTLY.
declare const _default: string;
export default _default;

export const symbol: \\"first\\" | \\"second\\";
"
`;
